// Jest Snapshot v1, https://goo.gl/fbAQLP

exports[`initial render <App /> matches snapshot 1`] = `
<div
  className="App"
>
  <h2
    className="prompt"
  >
    Click on a character to see their film info
  </h2>
  <div
    className="character-container"
  >
    <div
      className="character-card"
      onClick={[Function]}
    >
      <img
        alt="Responsive image"
        className="img-fluid"
        src="luke-skywalker.jpg"
      />
      <h4
        className="character-name"
      >
        Luke Skywalker
      </h4>
    </div>
    <div
      className="character-card"
      onClick={[Function]}
    >
      <img
        alt="Responsive image"
        className="img-fluid"
        src="darth-vader.jpg"
      />
      <h4
        className="character-name"
      >
        Darth Vader
      </h4>
    </div>
    <div
      className="character-card"
      onClick={[Function]}
    >
      <img
        alt="Responsive image"
        className="img-fluid"
        src="obi-wan-kenobi.jpg"
      />
      <h4
        className="character-name"
      >
        Obi-wan Kenobi
      </h4>
    </div>
    <div
      className="character-card"
      onClick={[Function]}
    >
      <img
        alt="Responsive image"
        className="img-fluid"
        src="r2-d2.jpg"
      />
      <h4
        className="character-name"
      >
        R2-D2
      </h4>
    </div>
  </div>
  <div />
</div>
`;
